src/app.ts(87,3): error TS2353: Object literal may only specify known properties, and 'httpAgent' does not exist in type 'AxiosXHRConfigBase<unknown>'.
src/app.ts(94,3): error TS2353: Object literal may only specify known properties, and 'httpAgent' does not exist in type 'AxiosXHRConfigBase<unknown>'.
src/middlewares/require2FA.ts(9,34): error TS7006: Parameter 'req' implicitly has an 'any' type.
src/middlewares/require2FA.ts(9,39): error TS7006: Parameter 'res' implicitly has an 'any' type.
src/middlewares/require2FA.ts(9,44): error TS7006: Parameter 'next' implicitly has an 'any' type.
src/server.ts(11,16): error TS2769: No overload matches this call.
  Overload 1 of 6, '(port: number, hostname: string, backlog: number, callback?: ((error?: Error | undefined) => void) | undefined): Server<typeof IncomingMessage, typeof ServerResponse>', gave the following error.
    Argument of type 'string | number' is not assignable to parameter of type 'number'.
      Type 'string' is not assignable to type 'number'.
  Overload 2 of 6, '(port: number, hostname: string, callback?: ((error?: Error | undefined) => void) | undefined): Server<typeof IncomingMessage, typeof ServerResponse>', gave the following error.
    Argument of type 'string | number' is not assignable to parameter of type 'number'.
      Type 'string' is not assignable to type 'number'.
